../Core/Src/main.c:81:6:HAL_TIM_IC_CaptureCallback	16	static
../Core/Src/main.c:127:6:HAL_GPIO_EXTI_Callback	16	static
../Core/Src/main.c:149:6:HAL_ADC_ConvCpltCallback	16	static
../Core/Src/main.c:180:5:main	8	static
../Core/Src/main.c:254:6:SystemClock_Config	88	static
../Core/Src/main.c:301:13:MX_ADC1_Init	24	static
../Core/Src/main.c:353:13:MX_TIM2_Init	48	static
../Core/Src/main.c:411:13:MX_TIM3_Init	48	static
../Core/Src/main.c:460:13:MX_TIM4_Init	48	static
../Core/Src/main.c:509:13:MX_GPIO_Init	40	static
../Core/Src/main.c:562:6:Error_Handler	4	static,ignoring_inline_asm
